<?xml version="1.0" encoding="utf-8"?><testsuites name="pytest tests"><testsuite name="pytest" errors="61" failures="0" skipped="0" tests="61" time="0.601" timestamp="2025-12-27T10:43:32.297335+07:00" hostname="HTCL-CPN01"><testcase classname="" name="tests.generated.test_generated_actions_panel" time="0.000"><error message="collection failure">Using pytest.skip outside of a test will skip the entire module. If that's your intention, pass `allow_module_level=True`. If you want to skip a specific test or an entire class, use the @pytest.mark.skip or @pytest.mark.skipif decorators.</error></testcase><testcase classname="" name="tests.generated.test_generated_adapter" time="0.000"><error message="collection failure">Using pytest.skip outside of a test will skip the entire module. If that's your intention, pass `allow_module_level=True`. If you want to skip a specific test or an entire class, use the @pytest.mark.skip or @pytest.mark.skipif decorators.</error></testcase><testcase classname="" name="tests.generated.test_generated_assets_panel" time="0.000"><error message="collection failure">Using pytest.skip outside of a test will skip the entire module. If that's your intention, pass `allow_module_level=True`. If you want to skip a specific test or an entire class, use the @pytest.mark.skip or @pytest.mark.skipif decorators.</error></testcase><testcase classname="" name="tests.generated.test_generated_ast" time="0.000"><error message="collection failure">Using pytest.skip outside of a test will skip the entire module. If that's your intention, pass `allow_module_level=True`. If you want to skip a specific test or an entire class, use the @pytest.mark.skip or @pytest.mark.skipif decorators.</error></testcase><testcase classname="" name="tests.generated.test_generated_autocomplete" time="0.000"><error message="collection failure">Using pytest.skip outside of a test will skip the entire module. If that's your intention, pass `allow_module_level=True`. If you want to skip a specific test or an entire class, use the @pytest.mark.skip or @pytest.mark.skipif decorators.</error></testcase><testcase classname="" name="tests.generated.test_generated_builtins" time="0.000"><error message="collection failure">Using pytest.skip outside of a test will skip the entire module. If that's your intention, pass `allow_module_level=True`. If you want to skip a specific test or an entire class, use the @pytest.mark.skip or @pytest.mark.skipif decorators.</error></testcase><testcase classname="" name="tests.generated.test_generated_capture_tool" time="0.000"><error message="collection failure">Using pytest.skip outside of a test will skip the entire module. If that's your intention, pass `allow_module_level=True`. If you want to skip a specific test or an entire class, use the @pytest.mark.skip or @pytest.mark.skipif decorators.</error></testcase><testcase classname="" name="tests.generated.test_generated_code_editor" time="0.000"><error message="collection failure">Using pytest.skip outside of a test will skip the entire module. If that's your intention, pass `allow_module_level=True`. If you want to skip a specific test or an entire class, use the @pytest.mark.skip or @pytest.mark.skipif decorators.</error></testcase><testcase classname="" name="tests.generated.test_generated_command_palette" time="0.000"><error message="collection failure">Using pytest.skip outside of a test will skip the entire module. If that's your intention, pass `allow_module_level=True`. If you want to skip a specific test or an entire class, use the @pytest.mark.skip or @pytest.mark.skipif decorators.</error></testcase><testcase classname="" name="tests.generated.test_generated_context" time="0.000"><error message="collection failure">Using pytest.skip outside of a test will skip the entire module. If that's your intention, pass `allow_module_level=True`. If you want to skip a specific test or an entire class, use the @pytest.mark.skip or @pytest.mark.skipif decorators.</error></testcase><testcase classname="" name="tests.generated.test_generated_coordinates_panel" time="0.000"><error message="collection failure">Using pytest.skip outside of a test will skip the entire module. If that's your intention, pass `allow_module_level=True`. If you want to skip a specific test or an entire class, use the @pytest.mark.skip or @pytest.mark.skipif decorators.</error></testcase><testcase classname="" name="tests.generated.test_generated_debug_panel" time="0.000"><error message="collection failure">Using pytest.skip outside of a test will skip the entire module. If that's your intention, pass `allow_module_level=True`. If you want to skip a specific test or an entire class, use the @pytest.mark.skip or @pytest.mark.skipif decorators.</error></testcase><testcase classname="" name="tests.generated.test_generated_debugger" time="0.000"><error message="collection failure">Using pytest.skip outside of a test will skip the entire module. If that's your intention, pass `allow_module_level=True`. If you want to skip a specific test or an entire class, use the @pytest.mark.skip or @pytest.mark.skipif decorators.</error></testcase><testcase classname="" name="tests.generated.test_generated_diagnostics" time="0.000"><error message="collection failure">Using pytest.skip outside of a test will skip the entire module. If that's your intention, pass `allow_module_level=True`. If you want to skip a specific test or an entire class, use the @pytest.mark.skip or @pytest.mark.skipif decorators.</error></testcase><testcase classname="" name="tests.generated.test_generated_document" time="0.000"><error message="collection failure">Using pytest.skip outside of a test will skip the entire module. If that's your intention, pass `allow_module_level=True`. If you want to skip a specific test or an entire class, use the @pytest.mark.skip or @pytest.mark.skipif decorators.</error></testcase><testcase classname="" name="tests.generated.test_generated_editor_dialogs" time="0.000"><error message="collection failure">Using pytest.skip outside of a test will skip the entire module. If that's your intention, pass `allow_module_level=True`. If you want to skip a specific test or an entire class, use the @pytest.mark.skip or @pytest.mark.skipif decorators.</error></testcase><testcase classname="" name="tests.generated.test_generated_engine_worker" time="0.000"><error message="collection failure">Using pytest.skip outside of a test will skip the entire module. If that's your intention, pass `allow_module_level=True`. If you want to skip a specific test or an entire class, use the @pytest.mark.skip or @pytest.mark.skipif decorators.</error></testcase><testcase classname="" name="tests.generated.test_generated_flow_converter" time="0.000"><error message="collection failure">Using pytest.skip outside of a test will skip the entire module. If that's your intention, pass `allow_module_level=True`. If you want to skip a specific test or an entire class, use the @pytest.mark.skip or @pytest.mark.skipif decorators.</error></testcase><testcase classname="" name="tests.generated.test_generated_flow_editor" time="0.000"><error message="collection failure">Using pytest.skip outside of a test will skip the entire module. If that's your intention, pass `allow_module_level=True`. If you want to skip a specific test or an entire class, use the @pytest.mark.skip or @pytest.mark.skipif decorators.</error></testcase><testcase classname="" name="tests.generated.test_generated_flow_visualizer" time="0.000"><error message="collection failure">Using pytest.skip outside of a test will skip the entire module. If that's your intention, pass `allow_module_level=True`. If you want to skip a specific test or an entire class, use the @pytest.mark.skip or @pytest.mark.skipif decorators.</error></testcase><testcase classname="" name="tests.generated.test_generated_formatter" time="0.000"><error message="collection failure">Using pytest.skip outside of a test will skip the entire module. If that's your intention, pass `allow_module_level=True`. If you want to skip a specific test or an entire class, use the @pytest.mark.skip or @pytest.mark.skipif decorators.</error></testcase><testcase classname="" name="tests.generated.test_generated_graph_connection" time="0.000"><error message="collection failure">Using pytest.skip outside of a test will skip the entire module. If that's your intention, pass `allow_module_level=True`. If you want to skip a specific test or an entire class, use the @pytest.mark.skip or @pytest.mark.skipif decorators.</error></testcase><testcase classname="" name="tests.generated.test_generated_graph_node" time="0.000"><error message="collection failure">Using pytest.skip outside of a test will skip the entire module. If that's your intention, pass `allow_module_level=True`. If you want to skip a specific test or an entire class, use the @pytest.mark.skip or @pytest.mark.skipif decorators.</error></testcase><testcase classname="" name="tests.generated.test_generated_graph_view" time="0.000"><error message="collection failure">Using pytest.skip outside of a test will skip the entire module. If that's your intention, pass `allow_module_level=True`. If you want to skip a specific test or an entire class, use the @pytest.mark.skip or @pytest.mark.skipif decorators.</error></testcase><testcase classname="" name="tests.generated.test_generated_hotkey_listener" time="0.000"><error message="collection failure">Using pytest.skip outside of a test will skip the entire module. If that's your intention, pass `allow_module_level=True`. If you want to skip a specific test or an entire class, use the @pytest.mark.skip or @pytest.mark.skipif decorators.</error></testcase><testcase classname="" name="tests.generated.test_generated_hybrid_panel" time="0.000"><error message="collection failure">Using pytest.skip outside of a test will skip the entire module. If that's your intention, pass `allow_module_level=True`. If you want to skip a specific test or an entire class, use the @pytest.mark.skip or @pytest.mark.skipif decorators.</error></testcase><testcase classname="" name="tests.generated.test_generated_ide_main_window" time="0.000"><error message="collection failure">Using pytest.skip outside of a test will skip the entire module. If that's your intention, pass `allow_module_level=True`. If you want to skip a specific test or an entire class, use the @pytest.mark.skip or @pytest.mark.skipif decorators.</error></testcase><testcase classname="" name="tests.generated.test_generated_image_preview" time="0.000"><error message="collection failure">Using pytest.skip outside of a test will skip the entire module. If that's your intention, pass `allow_module_level=True`. If you want to skip a specific test or an entire class, use the @pytest.mark.skip or @pytest.mark.skipif decorators.</error></testcase><testcase classname="" name="tests.generated.test_generated_inspector_panel" time="0.000"><error message="collection failure">Using pytest.skip outside of a test will skip the entire module. If that's your intention, pass `allow_module_level=True`. If you want to skip a specific test or an entire class, use the @pytest.mark.skip or @pytest.mark.skipif decorators.</error></testcase><testcase classname="" name="tests.generated.test_generated_intellisense" time="0.000"><error message="collection failure">Using pytest.skip outside of a test will skip the entire module. If that's your intention, pass `allow_module_level=True`. If you want to skip a specific test or an entire class, use the @pytest.mark.skip or @pytest.mark.skipif decorators.</error></testcase><testcase classname="" name="tests.generated.test_generated_interpreter" time="0.000"><error message="collection failure">Using pytest.skip outside of a test will skip the entire module. If that's your intention, pass `allow_module_level=True`. If you want to skip a specific test or an entire class, use the @pytest.mark.skip or @pytest.mark.skipif decorators.</error></testcase><testcase classname="" name="tests.generated.test_generated_interrupt_scanner" time="0.000"><error message="collection failure">Using pytest.skip outside of a test will skip the entire module. If that's your intention, pass `allow_module_level=True`. If you want to skip a specific test or an entire class, use the @pytest.mark.skip or @pytest.mark.skipif decorators.</error></testcase><testcase classname="" name="tests.generated.test_generated_interrupts" time="0.000"><error message="collection failure">Using pytest.skip outside of a test will skip the entire module. If that's your intention, pass `allow_module_level=True`. If you want to skip a specific test or an entire class, use the @pytest.mark.skip or @pytest.mark.skipif decorators.</error></testcase><testcase classname="" name="tests.generated.test_generated_interrupts_panel" time="0.000"><error message="collection failure">Using pytest.skip outside of a test will skip the entire module. If that's your intention, pass `allow_module_level=True`. If you want to skip a specific test or an entire class, use the @pytest.mark.skip or @pytest.mark.skipif decorators.</error></testcase><testcase classname="" name="tests.generated.test_generated_ir" time="0.000"><error message="collection failure">Using pytest.skip outside of a test will skip the entire module. If that's your intention, pass `allow_module_level=True`. If you want to skip a specific test or an entire class, use the @pytest.mark.skip or @pytest.mark.skipif decorators.</error></testcase><testcase classname="" name="tests.generated.test_generated_lexer" time="0.000"><error message="collection failure">Using pytest.skip outside of a test will skip the entire module. If that's your intention, pass `allow_module_level=True`. If you want to skip a specific test or an entire class, use the @pytest.mark.skip or @pytest.mark.skipif decorators.</error></testcase><testcase classname="" name="tests.generated.test_generated_log_panel" time="0.000"><error message="collection failure">Using pytest.skip outside of a test will skip the entire module. If that's your intention, pass `allow_module_level=True`. If you want to skip a specific test or an entire class, use the @pytest.mark.skip or @pytest.mark.skipif decorators.</error></testcase><testcase classname="" name="tests.generated.test_generated_main_window" time="0.000"><error message="collection failure">Using pytest.skip outside of a test will skip the entire module. If that's your intention, pass `allow_module_level=True`. If you want to skip a specific test or an entire class, use the @pytest.mark.skip or @pytest.mark.skipif decorators.</error></testcase><testcase classname="" name="tests.generated.test_generated_memory_manager" time="0.000"><error message="collection failure">Using pytest.skip outside of a test will skip the entire module. If that's your intention, pass `allow_module_level=True`. If you want to skip a specific test or an entire class, use the @pytest.mark.skip or @pytest.mark.skipif decorators.</error></testcase><testcase classname="" name="tests.generated.test_generated_minimap" time="0.000"><error message="collection failure">Using pytest.skip outside of a test will skip the entire module. If that's your intention, pass `allow_module_level=True`. If you want to skip a specific test or an entire class, use the @pytest.mark.skip or @pytest.mark.skipif decorators.</error></testcase><testcase classname="" name="tests.generated.test_generated_module_loader" time="0.000"><error message="collection failure">Using pytest.skip outside of a test will skip the entire module. If that's your intention, pass `allow_module_level=True`. If you want to skip a specific test or an entire class, use the @pytest.mark.skip or @pytest.mark.skipif decorators.</error></testcase><testcase classname="" name="tests.generated.test_generated_output_panel" time="0.000"><error message="collection failure">Using pytest.skip outside of a test will skip the entire module. If that's your intention, pass `allow_module_level=True`. If you want to skip a specific test or an entire class, use the @pytest.mark.skip or @pytest.mark.skipif decorators.</error></testcase><testcase classname="" name="tests.generated.test_generated_parser" time="0.000"><error message="collection failure">Using pytest.skip outside of a test will skip the entire module. If that's your intention, pass `allow_module_level=True`. If you want to skip a specific test or an entire class, use the @pytest.mark.skip or @pytest.mark.skipif decorators.</error></testcase><testcase classname="" name="tests.generated.test_generated_perf_profile" time="0.000"><error message="collection failure">Using pytest.skip outside of a test will skip the entire module. If that's your intention, pass `allow_module_level=True`. If you want to skip a specific test or an entire class, use the @pytest.mark.skip or @pytest.mark.skipif decorators.</error></testcase><testcase classname="" name="tests.generated.test_generated_perf_utils" time="0.000"><error message="collection failure">Using pytest.skip outside of a test will skip the entire module. If that's your intention, pass `allow_module_level=True`. If you want to skip a specific test or an entire class, use the @pytest.mark.skip or @pytest.mark.skipif decorators.</error></testcase><testcase classname="" name="tests.generated.test_generated_plugin_registry" time="0.000"><error message="collection failure">Using pytest.skip outside of a test will skip the entire module. If that's your intention, pass `allow_module_level=True`. If you want to skip a specific test or an entire class, use the @pytest.mark.skip or @pytest.mark.skipif decorators.</error></testcase><testcase classname="" name="tests.generated.test_generated_project_explorer" time="0.000"><error message="collection failure">Using pytest.skip outside of a test will skip the entire module. If that's your intention, pass `allow_module_level=True`. If you want to skip a specific test or an entire class, use the @pytest.mark.skip or @pytest.mark.skipif decorators.</error></testcase><testcase classname="" name="tests.generated.test_generated_properties_panel" time="0.000"><error message="collection failure">Using pytest.skip outside of a test will skip the entire module. If that's your intention, pass `allow_module_level=True`. If you want to skip a specific test or an entire class, use the @pytest.mark.skip or @pytest.mark.skipif decorators.</error></testcase><testcase classname="" name="tests.generated.test_generated_roi_editor" time="0.000"><error message="collection failure">Using pytest.skip outside of a test will skip the entire module. If that's your intention, pass `allow_module_level=True`. If you want to skip a specific test or an entire class, use the @pytest.mark.skip or @pytest.mark.skipif decorators.</error></testcase><testcase classname="" name="tests.generated.test_generated_roi_selector" time="0.000"><error message="collection failure">Using pytest.skip outside of a test will skip the entire module. If that's your intention, pass `allow_module_level=True`. If you want to skip a specific test or an entire class, use the @pytest.mark.skip or @pytest.mark.skipif decorators.</error></testcase><testcase classname="" name="tests.generated.test_generated_runner" time="0.000"><error message="collection failure">Using pytest.skip outside of a test will skip the entire module. If that's your intention, pass `allow_module_level=True`. If you want to skip a specific test or an entire class, use the @pytest.mark.skip or @pytest.mark.skipif decorators.</error></testcase><testcase classname="" name="tests.generated.test_generated_scope" time="0.000"><error message="collection failure">Using pytest.skip outside of a test will skip the entire module. If that's your intention, pass `allow_module_level=True`. If you want to skip a specific test or an entire class, use the @pytest.mark.skip or @pytest.mark.skipif decorators.</error></testcase><testcase classname="" name="tests.generated.test_generated_self_healing" time="0.000"><error message="collection failure">Using pytest.skip outside of a test will skip the entire module. If that's your intention, pass `allow_module_level=True`. If you want to skip a specific test or an entire class, use the @pytest.mark.skip or @pytest.mark.skipif decorators.</error></testcase><testcase classname="" name="tests.generated.test_generated_semantic" time="0.000"><error message="collection failure">Using pytest.skip outside of a test will skip the entire module. If that's your intention, pass `allow_module_level=True`. If you want to skip a specific test or an entire class, use the @pytest.mark.skip or @pytest.mark.skipif decorators.</error></testcase><testcase classname="" name="tests.generated.test_generated_services" time="0.000"><error message="collection failure">Using pytest.skip outside of a test will skip the entire module. If that's your intention, pass `allow_module_level=True`. If you want to skip a specific test or an entire class, use the @pytest.mark.skip or @pytest.mark.skipif decorators.</error></testcase><testcase classname="" name="tests.generated.test_generated_structure_panel" time="0.000"><error message="collection failure">Using pytest.skip outside of a test will skip the entire module. If that's your intention, pass `allow_module_level=True`. If you want to skip a specific test or an entire class, use the @pytest.mark.skip or @pytest.mark.skipif decorators.</error></testcase><testcase classname="" name="tests.generated.test_generated_sync_manager" time="0.000"><error message="collection failure">Using pytest.skip outside of a test will skip the entire module. If that's your intention, pass `allow_module_level=True`. If you want to skip a specific test or an entire class, use the @pytest.mark.skip or @pytest.mark.skipif decorators.</error></testcase><testcase classname="" name="tests.generated.test_generated_syntax_highlighter" time="0.000"><error message="collection failure">Using pytest.skip outside of a test will skip the entire module. If that's your intention, pass `allow_module_level=True`. If you want to skip a specific test or an entire class, use the @pytest.mark.skip or @pytest.mark.skipif decorators.</error></testcase><testcase classname="" name="tests.generated.test_generated_tokens" time="0.000"><error message="collection failure">Using pytest.skip outside of a test will skip the entire module. If that's your intention, pass `allow_module_level=True`. If you want to skip a specific test or an entire class, use the @pytest.mark.skip or @pytest.mark.skipif decorators.</error></testcase><testcase classname="" name="tests.generated.test_generated_variable_watch" time="0.000"><error message="collection failure">Using pytest.skip outside of a test will skip the entire module. If that's your intention, pass `allow_module_level=True`. If you want to skip a specific test or an entire class, use the @pytest.mark.skip or @pytest.mark.skipif decorators.</error></testcase><testcase classname="" name="tests.generated.test_generated_win95_style" time="0.000"><error message="collection failure">Using pytest.skip outside of a test will skip the entire module. If that's your intention, pass `allow_module_level=True`. If you want to skip a specific test or an entire class, use the @pytest.mark.skip or @pytest.mark.skipif decorators.</error></testcase></testsuite></testsuites>